// Jest Snapshot v1, https://goo.gl/fbAQLP

exports[`<NotFoundPage /> should match shapshot 1`] = `
<p>
  Page Not Found
  <br />
  <a
    href="/"
  >
    Back to App
  </a>
</p>
`;
